2026-07-31 19:28:26,991 INFO simulator truth 1/12
2026-07-31 19:28:27,236 INFO simulator truth 2/12
2026-07-31 19:28:27,458 INFO simulator truth 3/12
2026-07-31 19:28:27,690 INFO simulator truth 4/12
2026-07-31 19:28:27,931 INFO simulator truth 5/12
2026-07-31 19:28:28,170 INFO simulator truth 6/12
2026-07-31 19:28:28,410 INFO simulator truth 7/12
2026-07-31 19:28:28,640 INFO simulator truth 8/12
2026-07-31 19:28:28,873 INFO simulator truth 9/12
2026-07-31 19:28:29,106 INFO simulator truth 10/12
2026-07-31 19:28:29,349 INFO simulator truth 11/12
2026-07-31 19:28:29,580 INFO simulator truth 12/12
2026-07-31 19:28:49,618 INFO Expanded environment variable 'JEPAWM_LOGS' to '/content/drive/MyDrive/cf_faithfulness_cache/unused_jepawm_logs' at folder
2026-07-31 19:28:49,619 INFO Using hardcoded dimensions for pusht: action_dim=2, proprio_dim=4
2026-07-31 19:28:49,620 INFO Preprocessor attributes for pusht:
2026-07-31 19:28:49,668 INFO   action_mean: tensor([-0.0087,  0.0068])
2026-07-31 19:28:49,668 INFO   action_std: tensor([0.2019, 0.2002])
2026-07-31 19:28:49,669 INFO   proprio_mean: tensor([236.6155, 264.5674,  -2.9303,   2.5431])
2026-07-31 19:28:49,669 INFO   proprio_std: tensor([101.1202,  87.0112,  74.8456,  74.1401])
2026-07-31 19:28:49,669 INFO   state_mean: tensor([236.6155, 264.5674, 255.1307, 266.3721,   1.9584,  -2.9303,   2.5431])
2026-07-31 19:28:49,670 INFO   state_std: tensor([101.1202,  87.0112,  52.7054,  57.4971,   1.7556,  74.8456,  74.1401])
2026-07-31 19:29:08,946 INFO using MLP layer as FFN
2026-07-31 19:29:17,613 INFO Encoder: DinoEncoder(
  (base_model): DinoVisionTransformer(
    (patch_embed): PatchEmbed(
      (proj): Conv2d(3, 384, kernel_size=(14, 14), stride=(14, 14))
      (norm): Identity()
    )
    (blocks): ModuleList(
      (0-11): 12 x NestedTensorBlock(
        (norm1): LayerNorm((384,), eps=1e-06, elementwise_affine=True)
        (attn): MemEffAttention(
          (qkv): Linear(in_features=384, out_features=1152, bias=True)
          (proj): Linear(in_features=384, out_features=384, bias=True)
          (proj_drop): Dropout(p=0.0, inplace=False)
        )
        (ls1): LayerScale()
        (drop_path1): Identity()
        (norm2): LayerNorm((384,), eps=1e-06, elementwise_affine=True)
        (mlp): Mlp(
          (fc1): Linear(in_features=384, out_features=1536, bias=True)
          (act): GELU(approximate='none')
          (fc2): Linear(in_features=1536, out_features=384, bias=True)
          (drop): Dropout(p=0.0, inplace=False)
        )
        (ls2): LayerScale()
        (drop_path2): Identity()
      )
    )
    (norm): LayerNorm((384,), eps=1e-06, elementwise_affine=True)
    (head): Identity()
  )
)
2026-07-31 19:29:17,614 INFO 🧠 Encoder: DinoEncoder (22,056,576 params, frozen=True)
2026-07-31 19:29:17,713 INFO 🔧 Initialized 6 AdaLN blocks (scale_factor=10)
2026-07-31 19:29:17,720 INFO Predictor: VisionTransformerAdaLN(
  (predictor_embed): Linear(in_features=384, out_features=384, bias=True)
  (action_encoder): Linear(in_features=10, out_features=400, bias=True)
  (predictor_blocks): ModuleList(
    (0-5): 6 x FWAdaLNBlock(
      (norm1): LayerNorm((400,), eps=1e-06, elementwise_affine=True)
      (attn): RoPEAttention(
        (qkv): Linear(in_features=400, out_features=1200, bias=True)
        (attn_drop): Dropout(p=0.0, inplace=False)
        (proj): Linear(in_features=400, out_features=400, bias=True)
        (proj_drop): Dropout(p=0.0, inplace=False)
      )
      (drop_path): Identity()
      (norm2): LayerNorm((400,), eps=1e-06, elementwise_affine=True)
      (mlp): MLP(
        (fc1): Linear(in_features=400, out_features=1600, bias=True)
        (act): GELU(approximate='none')
        (fc2): Linear(in_features=1600, out_features=400, bias=True)
        (drop): Dropout(p=0.0, inplace=False)
      )
      (adaLN_modulation): Sequential(
        (0): SiLU()
        (1): Linear(in_features=400, out_features=2400, bias=True)
      )
    )
  )
  (predictor_norm): LayerNorm((400,), eps=1e-06, elementwise_affine=True)
  (predictor_proj): Linear(in_features=384, out_features=384, bias=True)
)
2026-07-31 19:29:17,721 INFO 🔮 Predictor: VisionTransformerAdaLN (17,626,480 params)
2026-07-31 19:29:17,721 INFO Loading checkpoint from local path: /content/drive/MyDrive/cf_faithfulness_cache/huggingface/hub/models--facebook--jepa-wms/snapshots/9b9c41ef249466630dbf1a20e78391865d07b3b9/jepa_wm_pusht.pth.tar
2026-07-31 19:29:23,727 INFO loaded pretrained predictor from epoch 50 with msg: <All keys matched successfully>
2026-07-31 19:29:23,728 INFO loaded pretrained proprio encoder from epoch 50 with msg: <All keys matched successfully>
2026-07-31 19:29:23,731 INFO 📉 Loss weights: L2=1.0
2026-07-31 19:29:23,732 INFO Loaded encoder and predictor
